------------------------------------------------------------------------------------------------------------------------------------------------------------------------------------------------------------------------------------------------------------
      name:  <unnamed>
       log:  C:\Users\joshboyd\Documents\GitHub\aivreg_stata_package\aivreg_demo_10_23.log
  log type:  text
 opened on:   6 Nov 2025, 14:05:27

. 
. * Flood risk example
. use simulated_flood_risk.dta, clear

. estimates clear

. 
. eststo: reghdfe log_price i.flood_factor, absorb(block_id)
(MWFE estimator converged in 1 iterations)

HDFE Linear regression                            Number of obs   =     10,000
Absorbing 1 HDFE group                            F(   9,   9986) =     162.91
                                                  Prob > F        =     0.0000
                                                  R-squared       =     0.1281
                                                  Adj R-squared   =     0.1270
                                                  Within R-sq.    =     0.1280
                                                  Root MSE        =     0.9407

------------------------------------------------------------------------------
   log_price | Coefficient  Std. err.      t    P>|t|     [95% conf. interval]
-------------+----------------------------------------------------------------
flood_factor |
          2  |   .6293552   .0431077    14.60   0.000     .5448553     .713855
          3  |   .7919106   .0413423    19.15   0.000     .7108714    .8729498
          4  |   .7777989   .0416928    18.66   0.000     .6960727    .8595251
          5  |    .745061   .0414591    17.97   0.000     .6637927    .8263292
          6  |   .8416348   .0414787    20.29   0.000     .7603282    .9229413
          7  |   .8278283   .0416038    19.90   0.000     .7462764    .9093801
          8  |   .7850859   .0416213    18.86   0.000     .7034997    .8666721
          9  |   .9385813   .0418137    22.45   0.000     .8566181    1.020545
         10  |   1.521647   .0405364    37.54   0.000     1.442188    1.601107
             |
       _cons |   10.94794   .0289782   377.80   0.000     10.89113    11.00474
------------------------------------------------------------------------------

Absorbed degrees of freedom:
-----------------------------------------------------+
 Absorbed FE | Categories  - Redundant  = Num. Coefs |
-------------+---------------------------------------|
    block_id |         5           0           5     |
-----------------------------------------------------+
(est1 stored)

. eststo: reghdfe log_price i.flood_factor log_income, absorb(block_id)
(MWFE estimator converged in 1 iterations)

HDFE Linear regression                            Number of obs   =     10,000
Absorbing 1 HDFE group                            F(  10,   9985) =   16438.41
                                                  Prob > F        =     0.0000
                                                  R-squared       =     0.9427
                                                  Adj R-squared   =     0.9427
                                                  Within R-sq.    =     0.9427
                                                  Root MSE        =     0.2411

------------------------------------------------------------------------------
   log_price | Coefficient  Std. err.      t    P>|t|     [95% conf. interval]
-------------+----------------------------------------------------------------
flood_factor |
          2  |   .0520716   .0111532     4.67   0.000     .0302091    .0739341
          3  |   .0504507   .0107762     4.68   0.000     .0293272    .0715741
          4  |    .048319   .0108588     4.45   0.000     .0270336    .0696044
          5  |   .0444007   .0107864     4.12   0.000     .0232571    .0655443
          6  |   .0480453   .0108366     4.43   0.000     .0268034    .0692871
          7  |    .052156   .0108589     4.80   0.000     .0308704    .0734417
          8  |   .0509228    .010843     4.70   0.000     .0296684    .0721773
          9  |    .051741   .0109712     4.72   0.000     .0302353    .0732467
         10  |    .063046    .011086     5.69   0.000     .0413153    .0847767
             |
  log_income |   1.166668   .0030954   376.91   0.000     1.160601    1.172736
       _cons |  -.9505752   .0324305   -29.31   0.000    -1.014145    -.887005
------------------------------------------------------------------------------

Absorbed degrees of freedom:
-----------------------------------------------------+
 Absorbed FE | Categories  - Redundant  = Num. Coefs |
-------------+---------------------------------------|
    block_id |         5           0           5     |
-----------------------------------------------------+
(est2 stored)

. eststo: aivreg log_price i.flood_factor, aiv(log_income) fe(block_id) vce(asymp)
 
Anti-IV Regression                             Number of obs = 10000
                                             Partial F-stat. = 1.42e+05

log_price      |      Coef.  Std. Err.          t     P>|t|  [95% Conf.  Interval]
---------------+------------------------------------------------------------------
flood_factor1  |          0          0          .         .           0          0
flood_factor2  |   .0114959   .0115461   .9956479  .3194454   -.0111345   .0341263
flood_factor3  |  -.0016645   .0111615  -.1491289  .8814549    -.023541    .020212
flood_factor4  |  -.0029541   .0112464   -.262671  .7928096   -.0249971   .0190889
flood_factor5  |  -.0048468   .0111707   -.433884  .6643821   -.0267414   .0170478
flood_factor6  |  -.0077339   .0112258  -.6889433  .4908749   -.0297365   .0142686
flood_factor7  |  -.0023638   .0112482  -.2101533  .8335523   -.0244104   .0196827
flood_factor8  |  -.0006795   .0112303  -.0605042  .9517553   -.0226909   .0213319
flood_factor9  |  -.0105926   .0113685  -.9317478  .3514894   -.0328749   .0116897
flood_factor10 |  -.0394751    .011518  -3.427266  .0006122   -.0620503  -.0168999
----------------------------------------------------------------------------------
(est3 stored)

. eststo: aivreg log_price i.flood_factor, aiv(log_income) fe(block_id) vce(AR)
 
Anti-IV Regression                             Number of obs = 10000
Uses Anderson-Rubin CI                       Partial F-stat. = 1.42e+05
SE inferred from radius closest to zero

log_price      |      Coef.  Std. Err.          t     P>|t|  [95% Conf.  Interval]
---------------+------------------------------------------------------------------
flood_factor1  |          0          0          .         .           0          0
flood_factor2  |   .0114959   .0115548   .9948996  .3198092   -.0111516   .0341099
flood_factor3  |  -.0016645   .0111507  -.1492732   .881341   -.0235628   .0201909
flood_factor4  |  -.0029541   .0112358  -.2629191  .7926184   -.0250186   .0190681
flood_factor5  |  -.0048468   .0111605  -.4342802  .6640944    -.026762   .0170278
flood_factor6  |  -.0077339   .0112142  -.6896536  .4904281   -.0297598    .014246
flood_factor7  |  -.0023638   .0112369  -.2103645  .8333875   -.0244331   .0196605
flood_factor8  |  -.0006795   .0112196  -.0605618  .9517094   -.0227124    .021311
flood_factor9  |  -.0105926   .0113556  -.9328092   .350941   -.0329009   .0116644
flood_factor10 |  -.0394751   .0114966  -3.433634   .000598   -.0620928  -.0169418
----------------------------------------------------------------------------------
(est4 stored)

. aivreg log_price i.flood_factor, aiv(log_income) fe(block_id) vce(AR) savefirst
 
First Stage:

log_income     |      Coef.  Std. Err.          t     P>|t|  [95% Conf.  Interval]
---------------+------------------------------------------------------------------
log_price      |   .8008521   .0021248   376.9084         0    .7966875   .8050167
flood_factor1  |          0          0          .         .           0          0
flood_factor2  |  -.0092065   .0092503  -.9952713  .3196285    -.027337    .008924
flood_factor3  |    .001333    .008938     .14914  .8814462   -.0161855   .0188516
flood_factor4  |   .0023658   .0090056   .2627046  .7927837   -.0152851   .0200168
flood_factor5  |   .0038816   .0089443   .4339727  .6643176   -.0136492   .0214123
flood_factor6  |   .0061937   .0089869   .6891951  .4907165   -.0114206   .0238081
flood_factor7  |   .0018931   .0090072   .2101762  .8335345    -.015761   .0195472
flood_factor8  |   .0005442   .0089935    .060506  .9517538   -.0170832   .0181715
flood_factor9  |   .0084831   .0090995   .9322556   .351227    -.009352   .0263182
flood_factor10 |   .0316137   .0091943   3.438385  .0005876    .0135928   .0496346
----------------------------------------------------------------------------------
 
Second Stage:
 
Anti-IV Regression                             Number of obs = 10000
Uses Anderson-Rubin CI                       Partial F-stat. = 1.42e+05
SE inferred from radius closest to zero

log_price      |      Coef.  Std. Err.          t     P>|t|  [95% Conf.  Interval]
---------------+------------------------------------------------------------------
flood_factor1  |          0          0          .         .           0          0
flood_factor2  |   .0114959   .0115548   .9948996  .3198092   -.0111516   .0341099
flood_factor3  |  -.0016645   .0111507  -.1492732   .881341   -.0235628   .0201909
flood_factor4  |  -.0029541   .0112358  -.2629191  .7926184   -.0250186   .0190681
flood_factor5  |  -.0048468   .0111605  -.4342802  .6640944    -.026762   .0170278
flood_factor6  |  -.0077339   .0112142  -.6896536  .4904281   -.0297598    .014246
flood_factor7  |  -.0023638   .0112369  -.2103645  .8333875   -.0244331   .0196605
flood_factor8  |  -.0006795   .0112196  -.0605618  .9517094   -.0227124    .021311
flood_factor9  |  -.0105926   .0113556  -.9328092   .350941   -.0329009   .0116644
flood_factor10 |  -.0394751   .0114966  -3.433634   .000598   -.0620928  -.0169418
----------------------------------------------------------------------------------
(results _ivreg2_log_income est5 are active now)

. 
. esttab est1 est2 est3 est4, mgroup("reghdfe" "reghdfe + anti-IV control" "aivreg" "aivreg + AR CI", pattern(1 1 1 1)) modelwidth(20) varwidth(18) label

------------------------------------------------------------------------------------------------------------------
                                reghdfe    reghdfe + anti-IV ~l                  aivreg          aivreg + AR CI   
                                    (1)                     (2)                     (3)                     (4)   
                         Log sale price          Log sale price          Log sale price          Log sale price   
------------------------------------------------------------------------------------------------------------------
Flood risk facto~1                    0                       0                       0                       0   
                                    (.)                     (.)                     (.)                     (.)   

Flood risk facto~2                0.629***               0.0521***               0.0115                  0.0115   
                                (14.60)                  (4.67)                  (1.00)                  (0.99)   

Flood risk facto~3                0.792***               0.0505***             -0.00166                -0.00166   
                                (19.15)                  (4.68)                 (-0.15)                 (-0.15)   

Flood risk facto~4                0.778***               0.0483***             -0.00295                -0.00295   
                                (18.66)                  (4.45)                 (-0.26)                 (-0.26)   

Flood risk facto~5                0.745***               0.0444***             -0.00485                -0.00485   
                                (17.97)                  (4.12)                 (-0.43)                 (-0.43)   

Flood risk facto~6                0.842***               0.0480***             -0.00773                -0.00773   
                                (20.29)                  (4.43)                 (-0.69)                 (-0.69)   

Flood risk facto~7                0.828***               0.0522***             -0.00236                -0.00236   
                                (19.90)                  (4.80)                 (-0.21)                 (-0.21)   

Flood risk facto~8                0.785***               0.0509***            -0.000679               -0.000679   
                                (18.86)                  (4.70)                 (-0.06)                 (-0.06)   

Flood risk facto~9                0.939***               0.0517***              -0.0106                 -0.0106   
                                (22.45)                  (4.72)                 (-0.93)                 (-0.93)   

Flood risk fact~10                1.522***               0.0630***              -0.0395***              -0.0395***
                                (37.54)                  (5.69)                 (-3.43)                 (-3.43)   

Log income                                                1.167***                                                
                                                       (376.91)                                                   

Constant                          10.95***               -0.951***                                                
                               (377.80)                (-29.31)                                                   
------------------------------------------------------------------------------------------------------------------
Observations                      10000                   10000                   10000                   10000   
------------------------------------------------------------------------------------------------------------------
t statistics in parentheses
* p<0.05, ** p<0.01, *** p<0.001

. 
. estimates clear

. 
. eststo: aivreg 2sls log_price i.flood_factor i.block_id, aiv(log_income)
Vtheta/ not found
r(111);

end of do-file

r(111);

. exit, clear
